Archive member included to satisfy reference by file (symbol)

e:/parallel education diploma/imt_sdk_win_64/winarm/armgcc/bin/../lib/gcc/arm-none-eabi/7.2.1/../../../../arm-none-eabi/lib/thumb/v7e-m\libg_nano.a(lib_a-errno.o)
                              ./system/src/newlib/_sbrk.o (__errno)
e:/parallel education diploma/imt_sdk_win_64/winarm/armgcc/bin/../lib/gcc/arm-none-eabi/7.2.1/../../../../arm-none-eabi/lib/thumb/v7e-m\libg_nano.a(lib_a-impure.o)
                              e:/parallel education diploma/imt_sdk_win_64/winarm/armgcc/bin/../lib/gcc/arm-none-eabi/7.2.1/../../../../arm-none-eabi/lib/thumb/v7e-m\libg_nano.a(lib_a-errno.o) (_impure_ptr)

Allocating common symbols
Common symbol       size              file

errno               0x4               ./system/src/newlib/_syscalls.o
uwTick              0x4               ./system/src/stm32f4-hal/stm32f4xx_hal.o
pFlash              0x20              ./system/src/stm32f4-hal/stm32f4xx_hal_flash.o

Discarded input sections

 .text          0x00000000        0x0 ./system/src/stm32f4-hal/stm32f4xx_hal.o
 .data          0x00000000        0x0 ./system/src/stm32f4-hal/stm32f4xx_hal.o
 .bss           0x00000000        0x0 ./system/src/stm32f4-hal/stm32f4xx_hal.o
 .text.HAL_MspInit
                0x00000000        0x2 ./system/src/stm32f4-hal/stm32f4xx_hal.o
 .text.HAL_MspDeInit
                0x00000000        0x2 ./system/src/stm32f4-hal/stm32f4xx_hal.o
 .text.HAL_DeInit
                0x00000000       0x2c ./system/src/stm32f4-hal/stm32f4xx_hal.o
 .text.HAL_InitTick
                0x00000000       0x28 ./system/src/stm32f4-hal/stm32f4xx_hal.o
 .text.HAL_Init
                0x00000000       0x34 ./system/src/stm32f4-hal/stm32f4xx_hal.o
 .text.HAL_IncTick
                0x00000000       0x10 ./system/src/stm32f4-hal/stm32f4xx_hal.o
 .text.HAL_GetTick
                0x00000000        0xc ./system/src/stm32f4-hal/stm32f4xx_hal.o
 .text.HAL_Delay
                0x00000000       0x1a ./system/src/stm32f4-hal/stm32f4xx_hal.o
 .text.HAL_SuspendTick
                0x00000000       0x10 ./system/src/stm32f4-hal/stm32f4xx_hal.o
 .text.HAL_ResumeTick
                0x00000000       0x10 ./system/src/stm32f4-hal/stm32f4xx_hal.o
 .text.HAL_GetHalVersion
                0x00000000        0x8 ./system/src/stm32f4-hal/stm32f4xx_hal.o
 .text.HAL_GetREVID
                0x00000000        0xc ./system/src/stm32f4-hal/stm32f4xx_hal.o
 .text.HAL_GetDEVID
                0x00000000       0x10 ./system/src/stm32f4-hal/stm32f4xx_hal.o
 .text.HAL_DBGMCU_EnableDBGSleepMode
                0x00000000       0x10 ./system/src/stm32f4-hal/stm32f4xx_hal.o
 .text.HAL_DBGMCU_DisableDBGSleepMode
                0x00000000       0x10 ./system/src/stm32f4-hal/stm32f4xx_hal.o
 .text.HAL_DBGMCU_EnableDBGStopMode
                0x00000000       0x10 ./system/src/stm32f4-hal/stm32f4xx_hal.o
 .text.HAL_DBGMCU_DisableDBGStopMode
                0x00000000       0x10 ./system/src/stm32f4-hal/stm32f4xx_hal.o
 .text.HAL_DBGMCU_EnableDBGStandbyMode
                0x00000000       0x10 ./system/src/stm32f4-hal/stm32f4xx_hal.o
 .text.HAL_DBGMCU_DisableDBGStandbyMode
                0x00000000       0x10 ./system/src/stm32f4-hal/stm32f4xx_hal.o
 .text.HAL_EnableCompensationCell
                0x00000000       0x18 ./system/src/stm32f4-hal/stm32f4xx_hal.o
 .text.HAL_DisableCompensationCell
                0x00000000       0x1c ./system/src/stm32f4-hal/stm32f4xx_hal.o
 .debug_info    0x00000000     0x1076 ./system/src/stm32f4-hal/stm32f4xx_hal.o
 .debug_abbrev  0x00000000      0x340 ./system/src/stm32f4-hal/stm32f4xx_hal.o
 .debug_loc     0x00000000       0x92 ./system/src/stm32f4-hal/stm32f4xx_hal.o
 .debug_aranges
                0x00000000       0xb8 ./system/src/stm32f4-hal/stm32f4xx_hal.o
 .debug_ranges  0x00000000       0xa8 ./system/src/stm32f4-hal/stm32f4xx_hal.o
 .debug_line    0x00000000      0x389 ./system/src/stm32f4-hal/stm32f4xx_hal.o
 .debug_str     0x00000000      0xd19 ./system/src/stm32f4-hal/stm32f4xx_hal.o
 .comment       0x00000000       0x7f ./system/src/stm32f4-hal/stm32f4xx_hal.o
 .debug_frame   0x00000000      0x184 ./system/src/stm32f4-hal/stm32f4xx_hal.o
 .ARM.attributes
                0x00000000       0x33 ./system/src/stm32f4-hal/stm32f4xx_hal.o
 COMMON         0x00000000        0x4 ./system/src/stm32f4-hal/stm32f4xx_hal.o
 .text          0x00000000        0x0 ./system/src/stm32f4-hal/stm32f4xx_hal_cortex.o
 .data          0x00000000        0x0 ./system/src/stm32f4-hal/stm32f4xx_hal_cortex.o
 .bss           0x00000000        0x0 ./system/src/stm32f4-hal/stm32f4xx_hal_cortex.o
 .text.HAL_NVIC_SetPriorityGrouping
                0x00000000       0x24 ./system/src/stm32f4-hal/stm32f4xx_hal_cortex.o
 .text.HAL_NVIC_SetPriority
                0x00000000       0x68 ./system/src/stm32f4-hal/stm32f4xx_hal_cortex.o
 .text.HAL_NVIC_EnableIRQ
                0x00000000       0x18 ./system/src/stm32f4-hal/stm32f4xx_hal_cortex.o
 .text.HAL_NVIC_DisableIRQ
                0x00000000       0x1c ./system/src/stm32f4-hal/stm32f4xx_hal_cortex.o
 .text.HAL_NVIC_SystemReset
                0x00000000       0x24 ./system/src/stm32f4-hal/stm32f4xx_hal_cortex.o
 .text.HAL_SYSTICK_Config
                0x00000000       0x2c ./system/src/stm32f4-hal/stm32f4xx_hal_cortex.o
 .text.HAL_MPU_ConfigRegion
                0x00000000       0x50 ./system/src/stm32f4-hal/stm32f4xx_hal_cortex.o
 .text.HAL_NVIC_GetPriorityGrouping
                0x00000000       0x10 ./system/src/stm32f4-hal/stm32f4xx_hal_cortex.o
 .text.HAL_NVIC_GetPriority
                0x00000000       0x5c ./system/src/stm32f4-hal/stm32f4xx_hal_cortex.o
 .text.HAL_NVIC_SetPendingIRQ
                0x00000000       0x1c ./system/src/stm32f4-hal/stm32f4xx_hal_cortex.o
 .text.HAL_NVIC_GetPendingIRQ
                0x00000000       0x1c ./system/src/stm32f4-hal/stm32f4xx_hal_cortex.o
 .text.HAL_NVIC_ClearPendingIRQ
                0x00000000       0x1c ./system/src/stm32f4-hal/stm32f4xx_hal_cortex.o
 .text.HAL_NVIC_GetActive
                0x00000000       0x1c ./system/src/stm32f4-hal/stm32f4xx_hal_cortex.o
 .text.HAL_SYSTICK_CLKSourceConfig
                0x00000000       0x18 ./system/src/stm32f4-hal/stm32f4xx_hal_cortex.o
 .text.HAL_SYSTICK_Callback
                0x00000000        0x2 ./system/src/stm32f4-hal/stm32f4xx_hal_cortex.o
 .text.HAL_SYSTICK_IRQHandler
                0x00000000        0x8 ./system/src/stm32f4-hal/stm32f4xx_hal_cortex.o
 .debug_info    0x00000000     0x15d1 ./system/src/stm32f4-hal/stm32f4xx_hal_cortex.o
 .debug_abbrev  0x00000000      0x3d3 ./system/src/stm32f4-hal/stm32f4xx_hal_cortex.o
 .debug_loc     0x00000000      0x47a ./system/src/stm32f4-hal/stm32f4xx_hal_cortex.o
 .debug_aranges
                0x00000000       0x98 ./system/src/stm32f4-hal/stm32f4xx_hal_cortex.o
 .debug_ranges  0x00000000      0x128 ./system/src/stm32f4-hal/stm32f4xx_hal_cortex.o
 .debug_line    0x00000000      0x406 ./system/src/stm32f4-hal/stm32f4xx_hal_cortex.o
 .debug_str     0x00000000      0xe61 ./system/src/stm32f4-hal/stm32f4xx_hal_cortex.o
 .comment       0x00000000       0x7f ./system/src/stm32f4-hal/stm32f4xx_hal_cortex.o
 .debug_frame   0x00000000      0x138 ./system/src/stm32f4-hal/stm32f4xx_hal_cortex.o
 .ARM.attributes
                0x00000000       0x33 ./system/src/stm32f4-hal/stm32f4xx_hal_cortex.o
 .text          0x00000000        0x0 ./system/src/stm32f4-hal/stm32f4xx_hal_dfsdm.o
 .data          0x00000000        0x0 ./system/src/stm32f4-hal/stm32f4xx_hal_dfsdm.o
 .bss           0x00000000        0x0 ./system/src/stm32f4-hal/stm32f4xx_hal_dfsdm.o
 .debug_info    0x00000000      0x8bf ./system/src/stm32f4-hal/stm32f4xx_hal_dfsdm.o
 .debug_abbrev  0x00000000      0x192 ./system/src/stm32f4-hal/stm32f4xx_hal_dfsdm.o
 .debug_aranges
                0x00000000       0x18 ./system/src/stm32f4-hal/stm32f4xx_hal_dfsdm.o
 .debug_line    0x00000000      0x14a ./system/src/stm32f4-hal/stm32f4xx_hal_dfsdm.o
 .debug_str     0x00000000      0x5c0 ./system/src/stm32f4-hal/stm32f4xx_hal_dfsdm.o
 .comment       0x00000000       0x7f ./system/src/stm32f4-hal/stm32f4xx_hal_dfsdm.o
 .ARM.attributes
                0x00000000       0x33 ./system/src/stm32f4-hal/stm32f4xx_hal_dfsdm.o
 .text          0x00000000        0x0 ./system/src/stm32f4-hal/stm32f4xx_hal_flash.o
 .data          0x00000000        0x0 ./system/src/stm32f4-hal/stm32f4xx_hal_flash.o
 .bss           0x00000000        0x0 ./system/src/stm32f4-hal/stm32f4xx_hal_flash.o
 .text.FLASH_Program_Word
                0x00000000       0x24 ./system/src/stm32f4-hal/stm32f4xx_hal_flash.o
 .text.FLASH_Program_HalfWord
                0x00000000       0x24 ./system/src/stm32f4-hal/stm32f4xx_hal_flash.o
 .text.FLASH_SetErrorCode
                0x00000000       0x8c ./system/src/stm32f4-hal/stm32f4xx_hal_flash.o
 .text.HAL_FLASH_Program_IT
                0x00000000       0x90 ./system/src/stm32f4-hal/stm32f4xx_hal_flash.o
 .text.HAL_FLASH_EndOfOperationCallback
                0x00000000        0x2 ./system/src/stm32f4-hal/stm32f4xx_hal_flash.o
 .text.HAL_FLASH_OperationErrorCallback
                0x00000000        0x2 ./system/src/stm32f4-hal/stm32f4xx_hal_flash.o
 .text.HAL_FLASH_IRQHandler
                0x00000000       0xc8 ./system/src/stm32f4-hal/stm32f4xx_hal_flash.o
 .text.HAL_FLASH_Unlock
                0x00000000       0x24 ./system/src/stm32f4-hal/stm32f4xx_hal_flash.o
 .text.HAL_FLASH_Lock
                0x00000000       0x14 ./system/src/stm32f4-hal/stm32f4xx_hal_flash.o
 .text.HAL_FLASH_OB_Unlock
                0x00000000       0x24 ./system/src/stm32f4-hal/stm32f4xx_hal_flash.o
 .text.HAL_FLASH_OB_Lock
                0x00000000       0x14 ./system/src/stm32f4-hal/stm32f4xx_hal_flash.o
 .text.HAL_FLASH_GetError
                0x00000000        0xc ./system/src/stm32f4-hal/stm32f4xx_hal_flash.o
 .text.FLASH_WaitForLastOperation
                0x00000000       0x5c ./system/src/stm32f4-hal/stm32f4xx_hal_flash.o
 .text.HAL_FLASH_Program
                0x00000000       0xa8 ./system/src/stm32f4-hal/stm32f4xx_hal_flash.o
 .text.HAL_FLASH_OB_Launch
                0x00000000       0x18 ./system/src/stm32f4-hal/stm32f4xx_hal_flash.o
 .debug_info    0x00000000      0xef6 ./system/src/stm32f4-hal/stm32f4xx_hal_flash.o
 .debug_abbrev  0x00000000      0x3c5 ./system/src/stm32f4-hal/stm32f4xx_hal_flash.o
 .debug_loc     0x00000000      0x2ac ./system/src/stm32f4-hal/stm32f4xx_hal_flash.o
 .debug_aranges
                0x00000000       0x88 ./system/src/stm32f4-hal/stm32f4xx_hal_flash.o
 .debug_ranges  0x00000000       0xa8 ./system/src/stm32f4-hal/stm32f4xx_hal_flash.o
 .debug_line    0x00000000      0x418 ./system/src/stm32f4-hal/stm32f4xx_hal_flash.o
 .debug_str     0x00000000      0x91e ./system/src/stm32f4-hal/stm32f4xx_hal_flash.o
 .comment       0x00000000       0x7f ./system/src/stm32f4-hal/stm32f4xx_hal_flash.o
 .debug_frame   0x00000000      0x13c ./system/src/stm32f4-hal/stm32f4xx_hal_flash.o
 .ARM.attributes
                0x00000000       0x33 ./system/src/stm32f4-hal/stm32f4xx_hal_flash.o
 COMMON         0x00000000       0x20 ./system/src/stm32f4-hal/stm32f4xx_hal_flash.o
 .text          0x00000000        0x0 ./system/src/stm32f4-hal/stm32f4xx_hal_gpio.o
 .data          0x00000000        0x0 ./system/src/stm32f4-hal/stm32f4xx_hal_gpio.o
 .bss           0x00000000        0x0 ./system/src/stm32f4-hal/stm32f4xx_hal_gpio.o
 .text.HAL_GPIO_Init
                0x00000000      0x1ac ./system/src/stm32f4-hal/stm32f4xx_hal_gpio.o
 .text.HAL_GPIO_DeInit
                0x00000000       0xec ./system/src/stm32f4-hal/stm32f4xx_hal_gpio.o
 .text.HAL_GPIO_ReadPin
                0x00000000        0xc ./system/src/stm32f4-hal/stm32f4xx_hal_gpio.o
 .text.HAL_GPIO_WritePin
                0x00000000        0xa ./system/src/stm32f4-hal/stm32f4xx_hal_gpio.o
 .text.HAL_GPIO_TogglePin
                0x00000000        0x8 ./system/src/stm32f4-hal/stm32f4xx_hal_gpio.o
 .text.HAL_GPIO_LockPin
                0x00000000       0x2a ./system/src/stm32f4-hal/stm32f4xx_hal_gpio.o
 .text.HAL_GPIO_EXTI_Callback
                0x00000000        0x2 ./system/src/stm32f4-hal/stm32f4xx_hal_gpio.o
 .text.HAL_GPIO_EXTI_IRQHandler
                0x00000000       0x18 ./system/src/stm32f4-hal/stm32f4xx_hal_gpio.o
 .debug_info    0x00000000      0xf4d ./system/src/stm32f4-hal/stm32f4xx_hal_gpio.o
 .debug_abbrev  0x00000000      0x2a2 ./system/src/stm32f4-hal/stm32f4xx_hal_gpio.o
 .debug_loc     0x00000000      0x381 ./system/src/stm32f4-hal/stm32f4xx_hal_gpio.o
 .debug_aranges
                0x00000000       0x58 ./system/src/stm32f4-hal/stm32f4xx_hal_gpio.o
 .debug_ranges  0x00000000       0x68 ./system/src/stm32f4-hal/stm32f4xx_hal_gpio.o
 .debug_line    0x00000000      0x399 ./system/src/stm32f4-hal/stm32f4xx_hal_gpio.o
 .debug_str     0x00000000      0x8d7 ./system/src/stm32f4-hal/stm32f4xx_hal_gpio.o
 .comment       0x00000000       0x7f ./system/src/stm32f4-hal/stm32f4xx_hal_gpio.o
 .debug_frame   0x00000000       0xd8 ./system/src/stm32f4-hal/stm32f4xx_hal_gpio.o
 .ARM.attributes
                0x00000000       0x33 ./system/src/stm32f4-hal/stm32f4xx_hal_gpio.o
 .text          0x00000000        0x0 ./system/src/stm32f4-hal/stm32f4xx_hal_iwdg.o
 .data          0x00000000        0x0 ./system/src/stm32f4-hal/stm32f4xx_hal_iwdg.o
 .bss           0x00000000        0x0 ./system/src/stm32f4-hal/stm32f4xx_hal_iwdg.o
 .text.HAL_IWDG_Init
                0x00000000       0x42 ./system/src/stm32f4-hal/stm32f4xx_hal_iwdg.o
 .text.HAL_IWDG_Refresh
                0x00000000        0xc ./system/src/stm32f4-hal/stm32f4xx_hal_iwdg.o
 .debug_info    0x00000000      0xa40 ./system/src/stm32f4-hal/stm32f4xx_hal_iwdg.o
 .debug_abbrev  0x00000000      0x21e ./system/src/stm32f4-hal/stm32f4xx_hal_iwdg.o
 .debug_loc     0x00000000       0x73 ./system/src/stm32f4-hal/stm32f4xx_hal_iwdg.o
 .debug_aranges
                0x00000000       0x28 ./system/src/stm32f4-hal/stm32f4xx_hal_iwdg.o
 .debug_ranges  0x00000000       0x18 ./system/src/stm32f4-hal/stm32f4xx_hal_iwdg.o
 .debug_line    0x00000000      0x232 ./system/src/stm32f4-hal/stm32f4xx_hal_iwdg.o
 .debug_str     0x00000000      0x688 ./system/src/stm32f4-hal/stm32f4xx_hal_iwdg.o
 .comment       0x00000000       0x7f ./system/src/stm32f4-hal/stm32f4xx_hal_iwdg.o
 .debug_frame   0x00000000       0x3c ./system/src/stm32f4-hal/stm32f4xx_hal_iwdg.o
 .ARM.attributes
                0x00000000       0x33 ./system/src/stm32f4-hal/stm32f4xx_hal_iwdg.o
 .text          0x00000000        0x0 ./system/src/stm32f4-hal/stm32f4xx_hal_pwr.o
 .data          0x00000000        0x0 ./system/src/stm32f4-hal/stm32f4xx_hal_pwr.o
 .bss           0x00000000        0x0 ./system/src/stm32f4-hal/stm32f4xx_hal_pwr.o
 .text.HAL_PWR_DeInit
                0x00000000       0x18 ./system/src/stm32f4-hal/stm32f4xx_hal_pwr.o
 .text.HAL_PWR_EnableBkUpAccess
                0x00000000       0x1c ./system/src/stm32f4-hal/stm32f4xx_hal_pwr.o
 .text.HAL_PWR_DisableBkUpAccess
                0x00000000       0x1c ./system/src/stm32f4-hal/stm32f4xx_hal_pwr.o
 .text.HAL_PWR_ConfigPVD
                0x00000000       0x70 ./system/src/stm32f4-hal/stm32f4xx_hal_pwr.o
 .text.HAL_PWR_EnablePVD
                0x00000000       0x1a ./system/src/stm32f4-hal/stm32f4xx_hal_pwr.o
 .text.HAL_PWR_DisablePVD
                0x00000000       0x1a ./system/src/stm32f4-hal/stm32f4xx_hal_pwr.o
 .text.HAL_PWR_EnableWakeUpPin
                0x00000000       0x10 ./system/src/stm32f4-hal/stm32f4xx_hal_pwr.o
 .text.HAL_PWR_DisableWakeUpPin
                0x00000000       0x10 ./system/src/stm32f4-hal/stm32f4xx_hal_pwr.o
 .text.HAL_PWR_EnterSLEEPMode
                0x00000000       0x20 ./system/src/stm32f4-hal/stm32f4xx_hal_pwr.o
 .text.HAL_PWR_EnterSTOPMode
                0x00000000       0x38 ./system/src/stm32f4-hal/stm32f4xx_hal_pwr.o
 .text.HAL_PWR_EnterSTANDBYMode
                0x00000000       0x20 ./system/src/stm32f4-hal/stm32f4xx_hal_pwr.o
 .text.HAL_PWR_PVDCallback
                0x00000000        0x2 ./system/src/stm32f4-hal/stm32f4xx_hal_pwr.o
 .text.HAL_PWR_PVD_IRQHandler
                0x00000000       0x1c ./system/src/stm32f4-hal/stm32f4xx_hal_pwr.o
 .text.HAL_PWR_EnableSleepOnExit
                0x00000000       0x10 ./system/src/stm32f4-hal/stm32f4xx_hal_pwr.o
 .text.HAL_PWR_DisableSleepOnExit
                0x00000000       0x10 ./system/src/stm32f4-hal/stm32f4xx_hal_pwr.o
 .text.HAL_PWR_EnableSEVOnPend
                0x00000000       0x10 ./system/src/stm32f4-hal/stm32f4xx_hal_pwr.o
 .text.HAL_PWR_DisableSEVOnPend
                0x00000000       0x10 ./system/src/stm32f4-hal/stm32f4xx_hal_pwr.o
 .debug_info    0x00000000     0x1098 ./system/src/stm32f4-hal/stm32f4xx_hal_pwr.o
 .debug_abbrev  0x00000000      0x2d7 ./system/src/stm32f4-hal/stm32f4xx_hal_pwr.o
 .debug_loc     0x00000000       0xd8 ./system/src/stm32f4-hal/stm32f4xx_hal_pwr.o
 .debug_aranges
                0x00000000       0xa0 ./system/src/stm32f4-hal/stm32f4xx_hal_pwr.o
 .debug_ranges  0x00000000       0x90 ./system/src/stm32f4-hal/stm32f4xx_hal_pwr.o
 .debug_line    0x00000000      0x382 ./system/src/stm32f4-hal/stm32f4xx_hal_pwr.o
 .debug_str     0x00000000      0x95f ./system/src/stm32f4-hal/stm32f4xx_hal_pwr.o
 .comment       0x00000000       0x7f ./system/src/stm32f4-hal/stm32f4xx_hal_pwr.o
 .debug_frame   0x00000000      0x128 ./system/src/stm32f4-hal/stm32f4xx_hal_pwr.o
 .ARM.attributes
                0x00000000       0x33 ./system/src/stm32f4-hal/stm32f4xx_hal_pwr.o
 .text          0x00000000        0x0 ./system/src/stm32f4-hal/stm32f4xx_hal_rcc.o
 .data          0x00000000        0x0 ./system/src/stm32f4-hal/stm32f4xx_hal_rcc.o
 .bss           0x00000000        0x0 ./system/src/stm32f4-hal/stm32f4xx_hal_rcc.o
 .text.HAL_RCC_DeInit
                0x00000000        0x2 ./system/src/stm32f4-hal/stm32f4xx_hal_rcc.o
 .text.HAL_RCC_OscConfig
                0x00000000      0x2d8 ./system/src/stm32f4-hal/stm32f4xx_hal_rcc.o
 .text.HAL_RCC_MCOConfig
                0x00000000       0x94 ./system/src/stm32f4-hal/stm32f4xx_hal_rcc.o
 .text.HAL_RCC_EnableCSS
                0x00000000        0xc ./system/src/stm32f4-hal/stm32f4xx_hal_rcc.o
 .text.HAL_RCC_DisableCSS
                0x00000000        0xc ./system/src/stm32f4-hal/stm32f4xx_hal_rcc.o
 .text.HAL_RCC_GetSysClockFreq
                0x00000000       0x74 ./system/src/stm32f4-hal/stm32f4xx_hal_rcc.o
 .text.HAL_RCC_ClockConfig
                0x00000000      0x168 ./system/src/stm32f4-hal/stm32f4xx_hal_rcc.o
 .text.HAL_RCC_GetHCLKFreq
                0x00000000        0xc ./system/src/stm32f4-hal/stm32f4xx_hal_rcc.o
 .text.HAL_RCC_GetPCLK1Freq
                0x00000000       0x30 ./system/src/stm32f4-hal/stm32f4xx_hal_rcc.o
 .text.HAL_RCC_GetPCLK2Freq
                0x00000000       0x30 ./system/src/stm32f4-hal/stm32f4xx_hal_rcc.o
 .text.HAL_RCC_GetOscConfig
                0x00000000       0xcc ./system/src/stm32f4-hal/stm32f4xx_hal_rcc.o
 .text.HAL_RCC_GetClockConfig
                0x00000000       0x3c ./system/src/stm32f4-hal/stm32f4xx_hal_rcc.o
 .text.HAL_RCC_CSSCallback
                0x00000000        0x2 ./system/src/stm32f4-hal/stm32f4xx_hal_rcc.o
 .text.HAL_RCC_NMI_IRQHandler
                0x00000000       0x20 ./system/src/stm32f4-hal/stm32f4xx_hal_rcc.o
 .rodata.APBAHBPrescTable
                0x00000000       0x10 ./system/src/stm32f4-hal/stm32f4xx_hal_rcc.o
 .debug_info    0x00000000     0x14a7 ./system/src/stm32f4-hal/stm32f4xx_hal_rcc.o
 .debug_abbrev  0x00000000      0x3ef ./system/src/stm32f4-hal/stm32f4xx_hal_rcc.o
 .debug_loc     0x00000000      0x495 ./system/src/stm32f4-hal/stm32f4xx_hal_rcc.o
 .debug_aranges
                0x00000000       0x80 ./system/src/stm32f4-hal/stm32f4xx_hal_rcc.o
 .debug_ranges  0x00000000      0x168 ./system/src/stm32f4-hal/stm32f4xx_hal_rcc.o
 .debug_line    0x00000000      0x573 ./system/src/stm32f4-hal/stm32f4xx_hal_rcc.o
 .debug_str     0x00000000      0xaa2 ./system/src/stm32f4-hal/stm32f4xx_hal_rcc.o
 .comment       0x00000000       0x7f ./system/src/stm32f4-hal/stm32f4xx_hal_rcc.o
 .debug_frame   0x00000000      0x140 ./system/src/stm32f4-hal/stm32f4xx_hal_rcc.o
 .ARM.attributes
                0x00000000       0x33 ./system/src/stm32f4-hal/stm32f4xx_hal_rcc.o
 .text          0x00000000        0x0 ./system/src/newlib/_cxx.o
 .data          0x00000000        0x0 ./system/src/newlib/_cxx.o
 .bss           0x00000000        0x0 ./system/src/newlib/_cxx.o
 .text._ZN9__gnu_cxx27__verbose_terminate_handlerEv
                0x00000000        0x6 ./system/src/newlib/_cxx.o
 .text.__cxa_pure_virtual
                0x00000000        0x6 ./system/src/newlib/_cxx.o
 .debug_info    0x00000000      0xf94 ./system/src/newlib/_cxx.o
 .debug_abbrev  0x00000000      0x300 ./system/src/newlib/_cxx.o
 .debug_aranges
                0x00000000       0x20 ./system/src/newlib/_cxx.o
 .debug_ranges  0x00000000       0x10 ./system/src/newlib/_cxx.o
 .debug_line    0x00000000      0x324 ./system/src/newlib/_cxx.o
 .debug_str     0x00000000      0x804 ./system/src/newlib/_cxx.o
 .comment       0x00000000       0x7f ./system/src/newlib/_cxx.o
 .debug_frame   0x00000000       0x40 ./system/src/newlib/_cxx.o
 .ARM.attributes
                0x00000000       0x33 ./system/src/newlib/_cxx.o
 .text          0x00000000        0x0 ./system/src/newlib/_exit.o
 .data          0x00000000        0x0 ./system/src/newlib/_exit.o
 .bss           0x00000000        0x0 ./system/src/newlib/_exit.o
 .text.abort    0x00000000        0x8 ./system/src/newlib/_exit.o
 .text          0x00000000        0x0 ./system/src/newlib/_sbrk.o
 .data          0x00000000        0x0 ./system/src/newlib/_sbrk.o
 .bss           0x00000000        0x0 ./system/src/newlib/_sbrk.o
 .text._sbrk    0x00000000       0x3c ./system/src/newlib/_sbrk.o
 .bss.current_heap_end.3961
                0x00000000        0x4 ./system/src/newlib/_sbrk.o
 .debug_info    0x00000000      0x93e ./system/src/newlib/_sbrk.o
 .debug_abbrev  0x00000000      0x1f9 ./system/src/newlib/_sbrk.o
 .debug_loc     0x00000000       0x6a ./system/src/newlib/_sbrk.o
 .debug_aranges
                0x00000000       0x20 ./system/src/newlib/_sbrk.o
 .debug_ranges  0x00000000       0x10 ./system/src/newlib/_sbrk.o
 .debug_line    0x00000000      0x155 ./system/src/newlib/_sbrk.o
 .debug_str     0x00000000      0x5f0 ./system/src/newlib/_sbrk.o
 .comment       0x00000000       0x7f ./system/src/newlib/_sbrk.o
 .debug_frame   0x00000000       0x28 ./system/src/newlib/_sbrk.o
 .ARM.attributes
                0x00000000       0x33 ./system/src/newlib/_sbrk.o
 .text          0x00000000        0x0 ./system/src/newlib/_startup.o
 .data          0x00000000        0x0 ./system/src/newlib/_startup.o
 .bss           0x00000000        0x0 ./system/src/newlib/_startup.o
 .text.__initialize_data
                0x00000000       0x10 ./system/src/newlib/_startup.o
 .text.__initialize_bss
                0x00000000        0xe ./system/src/newlib/_startup.o
 .text.__run_init_array
                0x00000000       0x44 ./system/src/newlib/_startup.o
 .text.__run_fini_array
                0x00000000       0x24 ./system/src/newlib/_startup.o
 .text          0x00000000        0x0 ./system/src/newlib/_syscalls.o
 .data          0x00000000        0x0 ./system/src/newlib/_syscalls.o
 .bss           0x00000000        0x0 ./system/src/newlib/_syscalls.o
 .text.raise    0x00000000       0x10 ./system/src/newlib/_syscalls.o
 .text.kill     0x00000000       0x10 ./system/src/newlib/_syscalls.o
 .bss.__dso_handle
                0x00000000        0x4 ./system/src/newlib/_syscalls.o
 COMMON         0x00000000        0x4 ./system/src/newlib/_syscalls.o
 .text          0x00000000        0x0 ./system/src/newlib/assert.o
 .data          0x00000000        0x0 ./system/src/newlib/assert.o
 .bss           0x00000000        0x0 ./system/src/newlib/assert.o
 .text.__assert_func
                0x00000000        0x6 ./system/src/newlib/assert.o
 .debug_info    0x00000000      0x96b ./system/src/newlib/assert.o
 .debug_abbrev  0x00000000      0x1fe ./system/src/newlib/assert.o
 .debug_loc     0x00000000       0x84 ./system/src/newlib/assert.o
 .debug_aranges
                0x00000000       0x20 ./system/src/newlib/assert.o
 .debug_ranges  0x00000000       0x10 ./system/src/newlib/assert.o
 .debug_line    0x00000000      0x1c6 ./system/src/newlib/assert.o
 .debug_str     0x00000000      0x5f9 ./system/src/newlib/assert.o
 .comment       0x00000000       0x7f ./system/src/newlib/assert.o
 .debug_frame   0x00000000       0x28 ./system/src/newlib/assert.o
 .ARM.attributes
                0x00000000       0x33 ./system/src/newlib/assert.o
 .text          0x00000000        0x0 ./system/src/diag/Trace.o
 .data          0x00000000        0x0 ./system/src/diag/Trace.o
 .bss           0x00000000        0x0 ./system/src/diag/Trace.o
 .debug_line    0x00000000        0x0 ./system/src/diag/Trace.o
 .debug_str     0x00000000      0x10c ./system/src/diag/Trace.o
 .comment       0x00000000       0x7f ./system/src/diag/Trace.o
 .ARM.attributes
                0x00000000       0x33 ./system/src/diag/Trace.o
 .text          0x00000000        0x0 ./system/src/diag/trace_impl.o
 .data          0x00000000        0x0 ./system/src/diag/trace_impl.o
 .bss           0x00000000        0x0 ./system/src/diag/trace_impl.o
 .debug_line    0x00000000        0x0 ./system/src/diag/trace_impl.o
 .debug_str     0x00000000      0x111 ./system/src/diag/trace_impl.o
 .comment       0x00000000       0x7f ./system/src/diag/trace_impl.o
 .ARM.attributes
                0x00000000       0x33 ./system/src/diag/trace_impl.o
 .text          0x00000000        0x0 ./system/src/cortexm/_initialize_hardware.o
 .data          0x00000000        0x0 ./system/src/cortexm/_initialize_hardware.o
 .bss           0x00000000        0x0 ./system/src/cortexm/_initialize_hardware.o
 .text.__initialize_hardware
                0x00000000        0x4 ./system/src/cortexm/_initialize_hardware.o
 .text          0x00000000        0x0 ./system/src/cortexm/_reset_hardware.o
 .data          0x00000000        0x0 ./system/src/cortexm/_reset_hardware.o
 .bss           0x00000000        0x0 ./system/src/cortexm/_reset_hardware.o
 .text          0x00000000        0x0 ./system/src/cortexm/exception_handlers.o
 .data          0x00000000        0x0 ./system/src/cortexm/exception_handlers.o
 .bss           0x00000000        0x0 ./system/src/cortexm/exception_handlers.o
 .text          0x00000000        0x0 ./system/src/cmsis/system_stm32f4xx.o
 .data          0x00000000        0x0 ./system/src/cmsis/system_stm32f4xx.o
 .bss           0x00000000        0x0 ./system/src/cmsis/system_stm32f4xx.o
 .text.SystemCoreClockUpdate
                0x00000000       0x74 ./system/src/cmsis/system_stm32f4xx.o
 .data.SystemCoreClock
                0x00000000        0x4 ./system/src/cmsis/system_stm32f4xx.o
 .rodata.AHBPrescTable
                0x00000000       0x10 ./system/src/cmsis/system_stm32f4xx.o
 .text          0x00000000        0x0 ./system/src/cmsis/vectors_stm32f401xc.o
 .data          0x00000000        0x0 ./system/src/cmsis/vectors_stm32f401xc.o
 .bss           0x00000000        0x0 ./system/src/cmsis/vectors_stm32f401xc.o
 .text          0x00000000        0x0 ./src/COTS/MCAL/TIM1/TIM1_program.o
 .data          0x00000000        0x0 ./src/COTS/MCAL/TIM1/TIM1_program.o
 .bss           0x00000000        0x0 ./src/COTS/MCAL/TIM1/TIM1_program.o
 .text.MTIM1_vInit
                0x00000000      0x334 ./src/COTS/MCAL/TIM1/TIM1_program.o
 .text.MTIM1_vSetCounterValue
                0x00000000        0xc ./src/COTS/MCAL/TIM1/TIM1_program.o
 .text.MTIM1_vSetPrescalerValue
                0x00000000        0xc ./src/COTS/MCAL/TIM1/TIM1_program.o
 .text.MTIM1_vSetAutoReloadValue
                0x00000000        0xc ./src/COTS/MCAL/TIM1/TIM1_program.o
 .text.MTIM1_vSetRepetitionValue
                0x00000000        0xc ./src/COTS/MCAL/TIM1/TIM1_program.o
 .text.MTIM1_vSetCompareReg1Value
                0x00000000        0xc ./src/COTS/MCAL/TIM1/TIM1_program.o
 .text.MTIM1_u16GetCaptureReg1Value
                0x00000000        0xc ./src/COTS/MCAL/TIM1/TIM1_program.o
 .text.MTIM1_vSetCompareReg2Value
                0x00000000        0xc ./src/COTS/MCAL/TIM1/TIM1_program.o
 .text.MTIM1_u16GetCaptureReg2Value
                0x00000000        0xc ./src/COTS/MCAL/TIM1/TIM1_program.o
 .text.MTIM1_u16GetCaptureReg3Value
                0x00000000        0xc ./src/COTS/MCAL/TIM1/TIM1_program.o
 .text.MTIM1_vSetCompareReg4Value
                0x00000000        0xc ./src/COTS/MCAL/TIM1/TIM1_program.o
 .text.MTIM1_u16GetCaptureReg4Value
                0x00000000        0xc ./src/COTS/MCAL/TIM1/TIM1_program.o
 .text.MTIM1_vReadPWM
                0x00000000       0xc4 ./src/COTS/MCAL/TIM1/TIM1_program.o
 .text.MTIM1_vDisableCounter
                0x00000000       0x10 ./src/COTS/MCAL/TIM1/TIM1_program.o
 .text          0x00000000        0x0 ./src/COTS/MCAL/SysTick/SysTick_program.o
 .data          0x00000000        0x0 ./src/COTS/MCAL/SysTick/SysTick_program.o
 .bss           0x00000000        0x0 ./src/COTS/MCAL/SysTick/SysTick_program.o
 .text.MSysTick_vSetBusyWait
                0x00000000       0x2c ./src/COTS/MCAL/SysTick/SysTick_program.o
 .text.MSysTick_vDelay
                0x00000000       0x54 ./src/COTS/MCAL/SysTick/SysTick_program.o
 .text.MSysTick_vDelayMicroSec
                0x00000000       0x34 ./src/COTS/MCAL/SysTick/SysTick_program.o
 .text.MSysTick_vDelaySec
                0x00000000       0x3c ./src/COTS/MCAL/SysTick/SysTick_program.o
 .text.MSysTick_vSetSingleInterval
                0x00000000       0x30 ./src/COTS/MCAL/SysTick/SysTick_program.o
 .text.MSysTick_vSetPeriodicInterval
                0x00000000       0x30 ./src/COTS/MCAL/SysTick/SysTick_program.o
 .text.MSysTick_vStopInterval
                0x00000000       0x20 ./src/COTS/MCAL/SysTick/SysTick_program.o
 .text.MSysTick_u32GetElapsedTime
                0x00000000       0x10 ./src/COTS/MCAL/SysTick/SysTick_program.o
 .text.MSysTick_u32GetRemainingTime
                0x00000000        0xc ./src/COTS/MCAL/SysTick/SysTick_program.o
 .text.MSysTick_vEnable
                0x00000000       0x10 ./src/COTS/MCAL/SysTick/SysTick_program.o
 .text.MSysTick_vDisable
                0x00000000       0x18 ./src/COTS/MCAL/SysTick/SysTick_program.o
 .text.MSysTick_vDisableException
                0x00000000       0x10 ./src/COTS/MCAL/SysTick/SysTick_program.o
 .text.MSysTick_vEnableException
                0x00000000       0x10 ./src/COTS/MCAL/SysTick/SysTick_program.o
 .text          0x00000000        0x0 ./src/COTS/MCAL/RCC/MRCC_program.o
 .data          0x00000000        0x0 ./src/COTS/MCAL/RCC/MRCC_program.o
 .bss           0x00000000        0x0 ./src/COTS/MCAL/RCC/MRCC_program.o
 .text.MRCC_vDisablePeriphralCLK
                0x00000000       0x70 ./src/COTS/MCAL/RCC/MRCC_program.o
 .text          0x00000000        0x0 ./src/COTS/MCAL/NVIC/NVIC_program.o
 .data          0x00000000        0x0 ./src/COTS/MCAL/NVIC/NVIC_program.o
 .bss           0x00000000        0x0 ./src/COTS/MCAL/NVIC/NVIC_program.o
 .text.MNVIC_vEnablePeriphral
                0x00000000       0x18 ./src/COTS/MCAL/NVIC/NVIC_program.o
 .text.MNVIC_vDisablePeriphral
                0x00000000       0x1c ./src/COTS/MCAL/NVIC/NVIC_program.o
 .text.MNVIC_vSetPendingFlag
                0x00000000       0x1c ./src/COTS/MCAL/NVIC/NVIC_program.o
 .text.MNVIC_vClearPendingFlag
                0x00000000       0x1c ./src/COTS/MCAL/NVIC/NVIC_program.o
 .text.MNVIC_u8GetActive
                0x00000000       0x1c ./src/COTS/MCAL/NVIC/NVIC_program.o
 .text.MNVIC_vSetPriorityConfig
                0x00000000       0x1c ./src/COTS/MCAL/NVIC/NVIC_program.o
 .text.MNVIC_vSetPriority
                0x00000000       0x7c ./src/COTS/MCAL/NVIC/NVIC_program.o
 .text.NVIC_GetPriority
                0x00000000       0x60 ./src/COTS/MCAL/NVIC/NVIC_program.o
 .bss.GS_u32GroupConf
                0x00000000        0x4 ./src/COTS/MCAL/NVIC/NVIC_program.o
 .debug_info    0x00000000      0x3c4 ./src/COTS/MCAL/NVIC/NVIC_program.o
 .debug_abbrev  0x00000000      0x10b ./src/COTS/MCAL/NVIC/NVIC_program.o
 .debug_loc     0x00000000      0x2cf ./src/COTS/MCAL/NVIC/NVIC_program.o
 .debug_aranges
                0x00000000       0x58 ./src/COTS/MCAL/NVIC/NVIC_program.o
 .debug_ranges  0x00000000       0x48 ./src/COTS/MCAL/NVIC/NVIC_program.o
 .debug_line    0x00000000      0x144 ./src/COTS/MCAL/NVIC/NVIC_program.o
 .debug_str     0x00000000      0x391 ./src/COTS/MCAL/NVIC/NVIC_program.o
 .comment       0x00000000       0x7f ./src/COTS/MCAL/NVIC/NVIC_program.o
 .debug_frame   0x00000000       0x98 ./src/COTS/MCAL/NVIC/NVIC_program.o
 .ARM.attributes
                0x00000000       0x33 ./src/COTS/MCAL/NVIC/NVIC_program.o
 .text          0x00000000        0x0 ./src/COTS/MCAL/GPIO/GPIO_program.o
 .data          0x00000000        0x0 ./src/COTS/MCAL/GPIO/GPIO_program.o
 .bss           0x00000000        0x0 ./src/COTS/MCAL/GPIO/GPIO_program.o
 .text.MGPIOx_u8GetPinValue
                0x00000000       0x30 ./src/COTS/MCAL/GPIO/GPIO_program.o
 .text.MGPIOx_vSetResetAtomic
                0x00000000       0x6c ./src/COTS/MCAL/GPIO/GPIO_program.o
 .text.MGPIOx_vTogglePinValue
                0x00000000       0x30 ./src/COTS/MCAL/GPIO/GPIO_program.o
 .text          0x00000000        0x0 ./src/COTS/MCAL/EXTI/EXTI_program.o
 .data          0x00000000        0x0 ./src/COTS/MCAL/EXTI/EXTI_program.o
 .bss           0x00000000        0x0 ./src/COTS/MCAL/EXTI/EXTI_program.o
 .text.MSYSCFG_vSetEXTIPort
                0x00000000       0x2c ./src/COTS/MCAL/EXTI/EXTI_program.o
 .text.MEXTI_vInit
                0x00000000       0x24 ./src/COTS/MCAL/EXTI/EXTI_program.o
 .text.MEXTI_vDisableLine
                0x00000000       0x1c ./src/COTS/MCAL/EXTI/EXTI_program.o
 .text.MEXTI_vSWITrigger
                0x00000000       0x18 ./src/COTS/MCAL/EXTI/EXTI_program.o
 .text.MEXTI_vSetTrigger
                0x00000000       0x50 ./src/COTS/MCAL/EXTI/EXTI_program.o
 .text.MEXTI_vEnableLine
                0x00000000       0x20 ./src/COTS/MCAL/EXTI/EXTI_program.o
 .text.MEXTI_vInit_WithStruct
                0x00000000       0x18 ./src/COTS/MCAL/EXTI/EXTI_program.o
 .text.MEXTI_vSetCallback
                0x00000000       0x10 ./src/COTS/MCAL/EXTI/EXTI_program.o
 .text          0x00000000        0x0 ./src/COTS/MCAL/ADC/ADC_program.o
 .data          0x00000000        0x0 ./src/COTS/MCAL/ADC/ADC_program.o
 .bss           0x00000000        0x0 ./src/COTS/MCAL/ADC/ADC_program.o
 .text.MADC_vSelectChannel
                0x00000000       0x14 ./src/COTS/MCAL/ADC/ADC_program.o
 .text.MADC_vDisable
                0x00000000       0x1c ./src/COTS/MCAL/ADC/ADC_program.o
 .text.MADC_vEnable
                0x00000000       0x1c ./src/COTS/MCAL/ADC/ADC_program.o
 .text.MADC_vRegINT_Disable
                0x00000000       0x10 ./src/COTS/MCAL/ADC/ADC_program.o
 .text.MADC_vRegINTEnable
                0x00000000       0x10 ./src/COTS/MCAL/ADC/ADC_program.o
 .text.MADC_vSetCallBack
                0x00000000        0xc ./src/COTS/MCAL/ADC/ADC_program.o
 .text          0x00000000        0x0 ./src/COTS/HAL/LED/LED_program.o
 .data          0x00000000        0x0 ./src/COTS/HAL/LED/LED_program.o
 .bss           0x00000000        0x0 ./src/COTS/HAL/LED/LED_program.o
 .text.HLED_vInit
                0x00000000       0x2c ./src/COTS/HAL/LED/LED_program.o
 .text.HLED_vTurnLightOn
                0x00000000        0xa ./src/COTS/HAL/LED/LED_program.o
 .text.HLED_vTurnLightOff
                0x00000000        0xa ./src/COTS/HAL/LED/LED_program.o
 .text.HLED_vToggleLight
                0x00000000        0x8 ./src/COTS/HAL/LED/LED_program.o
 .text.HLED_vBlinkLED
                0x00000000       0x2a ./src/COTS/HAL/LED/LED_program.o
 .debug_info    0x00000000      0x2a7 ./src/COTS/HAL/LED/LED_program.o
 .debug_abbrev  0x00000000       0xf4 ./src/COTS/HAL/LED/LED_program.o
 .debug_loc     0x00000000       0xe7 ./src/COTS/HAL/LED/LED_program.o
 .debug_aranges
                0x00000000       0x40 ./src/COTS/HAL/LED/LED_program.o
 .debug_ranges  0x00000000       0x30 ./src/COTS/HAL/LED/LED_program.o
 .debug_line    0x00000000      0x15b ./src/COTS/HAL/LED/LED_program.o
 .debug_str     0x00000000      0x2b7 ./src/COTS/HAL/LED/LED_program.o
 .comment       0x00000000       0x7f ./src/COTS/HAL/LED/LED_program.o
 .debug_frame   0x00000000       0x7c ./src/COTS/HAL/LED/LED_program.o
 .ARM.attributes
                0x00000000       0x33 ./src/COTS/HAL/LED/LED_program.o
 .text          0x00000000        0x0 ./src/COTS/HAL/LDR/LDR_config.o
 .data          0x00000000        0x0 ./src/COTS/HAL/LDR/LDR_config.o
 .bss           0x00000000        0x0 ./src/COTS/HAL/LDR/LDR_config.o
 .text          0x00000000        0x0 ./src/COTS/HAL/LDR/LDR_program.o
 .data          0x00000000        0x0 ./src/COTS/HAL/LDR/LDR_program.o
 .bss           0x00000000        0x0 ./src/COTS/HAL/LDR/LDR_program.o
 .text          0x00000000        0x0 ./src/COTS/HAL/LCD/LCD_program.o
 .data          0x00000000        0x0 ./src/COTS/HAL/LCD/LCD_program.o
 .bss           0x00000000        0x0 ./src/COTS/HAL/LCD/LCD_program.o
 .text.HLCD_vClear
                0x00000000       0x18 ./src/COTS/HAL/LCD/LCD_program.o
 .text.HLCD_vSaveCustomChar
                0x00000000       0x2a ./src/COTS/HAL/LCD/LCD_program.o
 .text.HLCD_vSetShiftLeftOn
                0x00000000       0x1c ./src/COTS/HAL/LCD/LCD_program.o
 .text.HLCD_vSetDispOFF
                0x00000000       0x1c ./src/COTS/HAL/LCD/LCD_program.o
 .text.HLCD_vDispCursorWithBlinking
                0x00000000       0x1c ./src/COTS/HAL/LCD/LCD_program.o
 .text.HLCD_vSetCursorBlinkingOFF
                0x00000000       0x1c ./src/COTS/HAL/LCD/LCD_program.o
 .text.HLCD_vDispShiftLeftString
                0x00000000       0x3a ./src/COTS/HAL/LCD/LCD_program.o
 .text          0x00000000        0x0 ./src/_initialize_hardware.o
 .data          0x00000000        0x0 ./src/_initialize_hardware.o
 .bss           0x00000000        0x0 ./src/_initialize_hardware.o
 .text.SystemClock_Config
                0x00000000       0x94 ./src/_initialize_hardware.o
 .text          0x00000000        0x0 ./src/main.o
 .data          0x00000000        0x0 ./src/main.o
 .bss           0x00000000        0x0 ./src/main.o
 .text          0x00000000        0x0 ./src/stm32f4xx_hal_msp.o
 .data          0x00000000        0x0 ./src/stm32f4xx_hal_msp.o
 .bss           0x00000000        0x0 ./src/stm32f4xx_hal_msp.o
 .text.HAL_MspInit
                0x00000000        0x2 ./src/stm32f4xx_hal_msp.o
 .text.HAL_MspDeInit
                0x00000000        0x2 ./src/stm32f4xx_hal_msp.o
 .text.HAL_PPP_MspInit
                0x00000000        0x2 ./src/stm32f4xx_hal_msp.o
 .text.HAL_PPP_MspDeInit
                0x00000000        0x2 ./src/stm32f4xx_hal_msp.o
 .debug_info    0x00000000      0x8f3 ./src/stm32f4xx_hal_msp.o
 .debug_abbrev  0x00000000      0x1c6 ./src/stm32f4xx_hal_msp.o
 .debug_aranges
                0x00000000       0x20 ./src/stm32f4xx_hal_msp.o
 .debug_ranges  0x00000000       0x10 ./src/stm32f4xx_hal_msp.o
 .debug_line    0x00000000      0x179 ./src/stm32f4xx_hal_msp.o
 .debug_str     0x00000000      0x5e7 ./src/stm32f4xx_hal_msp.o
 .comment       0x00000000       0x7f ./src/stm32f4xx_hal_msp.o
 .debug_frame   0x00000000       0x50 ./src/stm32f4xx_hal_msp.o
 .ARM.attributes
                0x00000000       0x33 ./src/stm32f4xx_hal_msp.o
 .text          0x00000000        0x0 e:/parallel education diploma/imt_sdk_win_64/winarm/armgcc/bin/../lib/gcc/arm-none-eabi/7.2.1/../../../../arm-none-eabi/lib/thumb/v7e-m\libg_nano.a(lib_a-errno.o)
 .data          0x00000000        0x0 e:/parallel education diploma/imt_sdk_win_64/winarm/armgcc/bin/../lib/gcc/arm-none-eabi/7.2.1/../../../../arm-none-eabi/lib/thumb/v7e-m\libg_nano.a(lib_a-errno.o)
 .bss           0x00000000        0x0 e:/parallel education diploma/imt_sdk_win_64/winarm/armgcc/bin/../lib/gcc/arm-none-eabi/7.2.1/../../../../arm-none-eabi/lib/thumb/v7e-m\libg_nano.a(lib_a-errno.o)
 .text.__errno  0x00000000        0xc e:/parallel education diploma/imt_sdk_win_64/winarm/armgcc/bin/../lib/gcc/arm-none-eabi/7.2.1/../../../../arm-none-eabi/lib/thumb/v7e-m\libg_nano.a(lib_a-errno.o)
 .debug_frame   0x00000000       0x20 e:/parallel education diploma/imt_sdk_win_64/winarm/armgcc/bin/../lib/gcc/arm-none-eabi/7.2.1/../../../../arm-none-eabi/lib/thumb/v7e-m\libg_nano.a(lib_a-errno.o)
 .ARM.attributes
                0x00000000       0x2e e:/parallel education diploma/imt_sdk_win_64/winarm/armgcc/bin/../lib/gcc/arm-none-eabi/7.2.1/../../../../arm-none-eabi/lib/thumb/v7e-m\libg_nano.a(lib_a-errno.o)
 .text          0x00000000        0x0 e:/parallel education diploma/imt_sdk_win_64/winarm/armgcc/bin/../lib/gcc/arm-none-eabi/7.2.1/../../../../arm-none-eabi/lib/thumb/v7e-m\libg_nano.a(lib_a-impure.o)
 .data          0x00000000        0x0 e:/parallel education diploma/imt_sdk_win_64/winarm/armgcc/bin/../lib/gcc/arm-none-eabi/7.2.1/../../../../arm-none-eabi/lib/thumb/v7e-m\libg_nano.a(lib_a-impure.o)
 .bss           0x00000000        0x0 e:/parallel education diploma/imt_sdk_win_64/winarm/armgcc/bin/../lib/gcc/arm-none-eabi/7.2.1/../../../../arm-none-eabi/lib/thumb/v7e-m\libg_nano.a(lib_a-impure.o)
 .data._impure_ptr
                0x00000000        0x4 e:/parallel education diploma/imt_sdk_win_64/winarm/armgcc/bin/../lib/gcc/arm-none-eabi/7.2.1/../../../../arm-none-eabi/lib/thumb/v7e-m\libg_nano.a(lib_a-impure.o)
 .data.impure_data
                0x00000000       0x60 e:/parallel education diploma/imt_sdk_win_64/winarm/armgcc/bin/../lib/gcc/arm-none-eabi/7.2.1/../../../../arm-none-eabi/lib/thumb/v7e-m\libg_nano.a(lib_a-impure.o)
 .rodata._global_impure_ptr
                0x00000000        0x4 e:/parallel education diploma/imt_sdk_win_64/winarm/armgcc/bin/../lib/gcc/arm-none-eabi/7.2.1/../../../../arm-none-eabi/lib/thumb/v7e-m\libg_nano.a(lib_a-impure.o)
 .ARM.attributes
                0x00000000       0x2e e:/parallel education diploma/imt_sdk_win_64/winarm/armgcc/bin/../lib/gcc/arm-none-eabi/7.2.1/../../../../arm-none-eabi/lib/thumb/v7e-m\libg_nano.a(lib_a-impure.o)

Memory Configuration

Name             Origin             Length             Attributes
RAM              0x20000000         0x00010000         xrw
CCMRAM           0x10000000         0x00000000         xrw
FLASH            0x08000000         0x00040000         xr
FLASHB1          0x00000000         0x00000000         xr
EXTMEMB0         0x00000000         0x00000000         xr
EXTMEMB1         0x00000000         0x00000000         xr
EXTMEMB2         0x00000000         0x00000000         xr
EXTMEMB3         0x00000000         0x00000000         xr
*default*        0x00000000         0xffffffff

Linker script and memory map

LOAD ./system/src/stm32f4-hal/stm32f4xx_hal.o
LOAD ./system/src/stm32f4-hal/stm32f4xx_hal_cortex.o
LOAD ./system/src/stm32f4-hal/stm32f4xx_hal_dfsdm.o
LOAD ./system/src/stm32f4-hal/stm32f4xx_hal_flash.o
LOAD ./system/src/stm32f4-hal/stm32f4xx_hal_gpio.o
LOAD ./system/src/stm32f4-hal/stm32f4xx_hal_iwdg.o
LOAD ./system/src/stm32f4-hal/stm32f4xx_hal_pwr.o
LOAD ./system/src/stm32f4-hal/stm32f4xx_hal_rcc.o
LOAD ./system/src/newlib/_cxx.o
LOAD ./system/src/newlib/_exit.o
LOAD ./system/src/newlib/_sbrk.o
LOAD ./system/src/newlib/_startup.o
LOAD ./system/src/newlib/_syscalls.o
LOAD ./system/src/newlib/assert.o
LOAD ./system/src/diag/Trace.o
LOAD ./system/src/diag/trace_impl.o
LOAD ./system/src/cortexm/_initialize_hardware.o
LOAD ./system/src/cortexm/_reset_hardware.o
LOAD ./system/src/cortexm/exception_handlers.o
LOAD ./system/src/cmsis/system_stm32f4xx.o
LOAD ./system/src/cmsis/vectors_stm32f401xc.o
LOAD ./src/COTS/MCAL/TIM1/TIM1_program.o
LOAD ./src/COTS/MCAL/SysTick/SysTick_program.o
LOAD ./src/COTS/MCAL/RCC/MRCC_program.o
LOAD ./src/COTS/MCAL/NVIC/NVIC_program.o
LOAD ./src/COTS/MCAL/GPIO/GPIO_program.o
LOAD ./src/COTS/MCAL/EXTI/EXTI_program.o
LOAD ./src/COTS/MCAL/ADC/ADC_program.o
LOAD ./src/COTS/HAL/LED/LED_program.o
LOAD ./src/COTS/HAL/LDR/LDR_config.o
LOAD ./src/COTS/HAL/LDR/LDR_program.o
LOAD ./src/COTS/HAL/LCD/LCD_program.o
LOAD ./src/_initialize_hardware.o
LOAD ./src/main.o
LOAD ./src/stm32f4xx_hal_msp.o
LOAD e:/parallel education diploma/imt_sdk_win_64/winarm/armgcc/bin/../lib/gcc/arm-none-eabi/7.2.1/../../../../arm-none-eabi/lib/thumb/v7e-m\libstdc++_nano.a
LOAD e:/parallel education diploma/imt_sdk_win_64/winarm/armgcc/bin/../lib/gcc/arm-none-eabi/7.2.1/../../../../arm-none-eabi/lib/thumb/v7e-m\libm.a
START GROUP
LOAD e:/parallel education diploma/imt_sdk_win_64/winarm/armgcc/bin/../lib/gcc/arm-none-eabi/7.2.1/thumb/v7e-m\libgcc.a
LOAD e:/parallel education diploma/imt_sdk_win_64/winarm/armgcc/bin/../lib/gcc/arm-none-eabi/7.2.1/../../../../arm-none-eabi/lib/thumb/v7e-m\libg_nano.a
LOAD e:/parallel education diploma/imt_sdk_win_64/winarm/armgcc/bin/../lib/gcc/arm-none-eabi/7.2.1/../../../../arm-none-eabi/lib/thumb/v7e-m\libc_nano.a
END GROUP
START GROUP
LOAD e:/parallel education diploma/imt_sdk_win_64/winarm/armgcc/bin/../lib/gcc/arm-none-eabi/7.2.1/thumb/v7e-m\libgcc.a
LOAD e:/parallel education diploma/imt_sdk_win_64/winarm/armgcc/bin/../lib/gcc/arm-none-eabi/7.2.1/../../../../arm-none-eabi/lib/thumb/v7e-m\libc_nano.a
END GROUP
                0x20010000                __stack = (ORIGIN (RAM) + LENGTH (RAM))
                0x20010000                _estack = __stack
                0x00000400                __Main_Stack_Size = 0x400
                [!provide]                PROVIDE (_Main_Stack_Size, __Main_Stack_Size)
                0x2000fc00                __Main_Stack_Limit = (__stack - __Main_Stack_Size)
                [!provide]                PROVIDE (_Main_Stack_Limit, __Main_Stack_Limit)
                0x00000100                _Minimum_Stack_Size = 0x100
                0x20000078                PROVIDE (_Heap_Begin, _end_noinit)
                0x2000fc00                PROVIDE (_Heap_Limit, (__stack - __Main_Stack_Size))

.isr_vector     0x08000000      0x2c6
 FILL mask 0xff
                0x08000000                __vectors_start = ABSOLUTE (.)
                0x08000000                __vectors_start__ = ABSOLUTE (.)
 *(.isr_vector)
 .isr_vector    0x08000000      0x194 ./system/src/cmsis/vectors_stm32f401xc.o
                0x08000000                __isr_vectors
 *(.cfmconfig)
 *(.after_vectors .after_vectors.*)
 .after_vectors
                0x08000194       0xcc ./system/src/newlib/_startup.o
                0x08000194                _start
 .after_vectors
                0x08000260       0x64 ./system/src/cortexm/exception_handlers.o
                0x08000260                Reset_Handler
                0x08000264                NMI_Handler
                0x08000266                HardFault_Handler
                0x0800027a                HardFault_Handler_C
                0x0800027c                MemManage_Handler
                0x0800027e                BusFault_Handler
                0x08000292                BusFault_Handler_C
                0x08000294                UsageFault_Handler
                0x080002a8                UsageFault_Handler_C
                0x080002aa                SVC_Handler
                0x080002ac                DebugMon_Handler
                0x080002ae                PendSV_Handler
 .after_vectors
                0x080002c4        0x2 ./system/src/cmsis/vectors_stm32f401xc.o
                0x080002c4                RTC_Alarm_IRQHandler
                0x080002c4                SPI4_IRQHandler
                0x080002c4                TIM1_CC_IRQHandler
                0x080002c4                DMA2_Stream5_IRQHandler
                0x080002c4                DMA1_Stream5_IRQHandler
                0x080002c4                PVD_IRQHandler
                0x080002c4                SDIO_IRQHandler
                0x080002c4                TAMP_STAMP_IRQHandler
                0x080002c4                TIM1_UP_TIM10_IRQHandler
                0x080002c4                I2C3_ER_IRQHandler
                0x080002c4                I2C2_EV_IRQHandler
                0x080002c4                DMA1_Stream2_IRQHandler
                0x080002c4                FPU_IRQHandler
                0x080002c4                DMA2_Stream2_IRQHandler
                0x080002c4                SPI1_IRQHandler
                0x080002c4                TIM1_BRK_TIM9_IRQHandler
                0x080002c4                DMA2_Stream3_IRQHandler
                0x080002c4                USART6_IRQHandler
                0x080002c4                DMA2_Stream0_IRQHandler
                0x080002c4                TIM4_IRQHandler
                0x080002c4                I2C1_EV_IRQHandler
                0x080002c4                DMA1_Stream6_IRQHandler
                0x080002c4                DMA1_Stream1_IRQHandler
                0x080002c4                TIM3_IRQHandler
                0x080002c4                RCC_IRQHandler
                0x080002c4                Default_Handler
                0x080002c4                DMA1_Stream7_IRQHandler
                0x080002c4                TIM5_IRQHandler
                0x080002c4                DMA2_Stream7_IRQHandler
                0x080002c4                I2C3_EV_IRQHandler
                0x080002c4                RTC_WKUP_IRQHandler
                0x080002c4                SPI2_IRQHandler
                0x080002c4                DMA1_Stream0_IRQHandler
                0x080002c4                WWDG_IRQHandler
                0x080002c4                TIM2_IRQHandler
                0x080002c4                OTG_FS_WKUP_IRQHandler
                0x080002c4                TIM1_TRG_COM_TIM11_IRQHandler
                0x080002c4                USART2_IRQHandler
                0x080002c4                I2C2_ER_IRQHandler
                0x080002c4                DMA2_Stream1_IRQHandler
                0x080002c4                FLASH_IRQHandler
                0x080002c4                DMA2_Stream4_IRQHandler
                0x080002c4                USART1_IRQHandler
                0x080002c4                OTG_FS_IRQHandler
                0x080002c4                SPI3_IRQHandler
                0x080002c4                DMA1_Stream4_IRQHandler
                0x080002c4                I2C1_ER_IRQHandler
                0x080002c4                DMA2_Stream6_IRQHandler
                0x080002c4                DMA1_Stream3_IRQHandler

.inits          0x080002c8       0x28
                0x080002c8                __data_regions_array_start = .
                0x080002c8        0x4 LONG 0x8001268 LOADADDR (.data)
                0x080002cc        0x4 LONG 0x20000000 ADDR (.data)
                0x080002d0        0x4 LONG 0x20000010 (ADDR (.data) + SIZEOF (.data))
                0x080002d4        0x4 LONG 0x8001268 LOADADDR (.data_CCMRAM)
                0x080002d8        0x4 LONG 0x10000000 ADDR (.data_CCMRAM)
                0x080002dc        0x4 LONG 0x10000000 (ADDR (.data_CCMRAM) + SIZEOF (.data_CCMRAM))
                0x080002e0                __data_regions_array_end = .
                0x080002e0                __bss_regions_array_start = .
                0x080002e0        0x4 LONG 0x20000010 ADDR (.bss)
                0x080002e4        0x4 LONG 0x20000078 (ADDR (.bss) + SIZEOF (.bss))
                0x080002e8        0x4 LONG 0x10000000 ADDR (.bss_CCMRAM)
                0x080002ec        0x4 LONG 0x10000000 (ADDR (.bss_CCMRAM) + SIZEOF (.bss_CCMRAM))
                0x080002f0                __bss_regions_array_end = .
 *(.init)
 *(.fini)
                0x080002f0                . = ALIGN (0x4)
                0x080002f0                PROVIDE (__preinit_array_start, .)
 *(.preinit_array_sysinit .preinit_array_sysinit.*)
 *(.preinit_array_platform .preinit_array_platform.*)
 *(.preinit_array .preinit_array.*)
                0x080002f0                PROVIDE (__preinit_array_end, .)
                0x080002f0                . = ALIGN (0x4)
                0x080002f0                PROVIDE (__init_array_start, .)
 *(SORT_BY_NAME(.init_array.*))
 *(.init_array)
                0x080002f0                PROVIDE (__init_array_end, .)
                0x080002f0                . = ALIGN (0x4)
                0x080002f0                PROVIDE (__fini_array_start, .)
 *(SORT_BY_NAME(.fini_array.*))
 *(.fini_array)
                0x080002f0                PROVIDE (__fini_array_end, .)

.flashtext
 *(.flashtext .flashtext.*)

.text           0x080002f0      0xf78
 *(.text .text.*)
 .text._exit    0x080002f0        0x6 ./system/src/newlib/_exit.o
                0x080002f0                _exit
 *fill*         0x080002f6        0x2 
 .text.__initialize_args
                0x080002f8       0x10 ./system/src/newlib/_syscalls.o
                0x080002f8                __initialize_args
 .text.__initialize_hardware_early
                0x08000308       0x18 ./system/src/cortexm/_initialize_hardware.o
                0x08000308                __initialize_hardware_early
 .text.__reset_hardware
                0x08000320       0x24 ./system/src/cortexm/_reset_hardware.o
                0x08000320                __reset_hardware
 .text.SystemInit
                0x08000344       0x40 ./system/src/cmsis/system_stm32f4xx.o
                0x08000344                SystemInit
 .text.MTIM1_vSetCompareReg3Value
                0x08000384        0xc ./src/COTS/MCAL/TIM1/TIM1_program.o
                0x08000384                MTIM1_vSetCompareReg3Value
 .text.MTIM1_vGeneratePWM
                0x08000390      0x474 ./src/COTS/MCAL/TIM1/TIM1_program.o
                0x08000390                MTIM1_vGeneratePWM
 .text.MTIM1_vEnableCounter
                0x08000804       0x10 ./src/COTS/MCAL/TIM1/TIM1_program.o
                0x08000804                MTIM1_vEnableCounter
 .text.MSysTick_vInit
                0x08000814       0x1c ./src/COTS/MCAL/SysTick/SysTick_program.o
                0x08000814                MSysTick_vInit
 .text.MSysTick_vDelayMilliSec
                0x08000830       0x38 ./src/COTS/MCAL/SysTick/SysTick_program.o
                0x08000830                MSysTick_vDelayMilliSec
 .text.SysTick_Handler
                0x08000868       0x54 ./src/COTS/MCAL/SysTick/SysTick_program.o
                0x08000868                SysTick_Handler
 .text.MRCC_vInit
                0x080008bc       0xf8 ./src/COTS/MCAL/RCC/MRCC_program.o
                0x080008bc                MRCC_vInit
 .text.MRCC_vEnablePeriphralCLK
                0x080009b4       0x64 ./src/COTS/MCAL/RCC/MRCC_program.o
                0x080009b4                MRCC_vEnablePeriphralCLK
 .text.MGPIOx_vLockedPins
                0x08000a18       0x4c ./src/COTS/MCAL/GPIO/GPIO_program.o
                0x08000a18                MGPIOx_vLockedPins
 .text.MGPIOx_vSetPinMode
                0x08000a64       0x40 ./src/COTS/MCAL/GPIO/GPIO_program.o
                0x08000a64                MGPIOx_vSetPinMode
 .text.MGPIOx_vSetPinOutputType
                0x08000aa4       0x6c ./src/COTS/MCAL/GPIO/GPIO_program.o
                0x08000aa4                MGPIOx_vSetPinOutputType
 .text.MGPIOx_vSetPinOutputSpeed
                0x08000b10       0x40 ./src/COTS/MCAL/GPIO/GPIO_program.o
                0x08000b10                MGPIOx_vSetPinOutputSpeed
 .text.MGPIOx_vSetPinInputPullType
                0x08000b50       0x40 ./src/COTS/MCAL/GPIO/GPIO_program.o
                0x08000b50                MGPIOx_vSetPinInputPullType
 .text.MGPIOx_vSetPinValue
                0x08000b90       0x6c ./src/COTS/MCAL/GPIO/GPIO_program.o
                0x08000b90                MGPIOx_vSetPinValue
 .text.MGPIOx_vSetAlternateFunctionON
                0x08000bfc       0xe0 ./src/COTS/MCAL/GPIO/GPIO_program.o
                0x08000bfc                MGPIOx_vSetAlternateFunctionON
 .text.MGPIOx_vInit
                0x08000cdc       0x3a ./src/COTS/MCAL/GPIO/GPIO_program.o
                0x08000cdc                MGPIOx_vInit
 *fill*         0x08000d16        0x2 
 .text.GPIO_vSetNibbleLowValue
                0x08000d18       0x3c ./src/COTS/MCAL/GPIO/GPIO_program.o
                0x08000d18                GPIO_vSetNibbleLowValue
 .text.EXTI0_IRQHandler
                0x08000d54       0x20 ./src/COTS/MCAL/EXTI/EXTI_program.o
                0x08000d54                EXTI0_IRQHandler
 .text.EXTI1_IRQHandler
                0x08000d74       0x20 ./src/COTS/MCAL/EXTI/EXTI_program.o
                0x08000d74                EXTI1_IRQHandler
 .text.EXTI2_IRQHandler
                0x08000d94       0x20 ./src/COTS/MCAL/EXTI/EXTI_program.o
                0x08000d94                EXTI2_IRQHandler
 .text.EXTI3_IRQHandler
                0x08000db4       0x20 ./src/COTS/MCAL/EXTI/EXTI_program.o
                0x08000db4                EXTI3_IRQHandler
 .text.EXTI4_IRQHandler
                0x08000dd4       0x20 ./src/COTS/MCAL/EXTI/EXTI_program.o
                0x08000dd4                EXTI4_IRQHandler
 .text.EXTI9_5_IRQHandler
                0x08000df4        0x2 ./src/COTS/MCAL/EXTI/EXTI_program.o
                0x08000df4                EXTI9_5_IRQHandler
 .text.EXTI15_10_IRQHandler
                0x08000df6        0x2 ./src/COTS/MCAL/EXTI/EXTI_program.o
                0x08000df6                EXTI15_10_IRQHandler
 .text.MADC_vInit
                0x08000df8       0xac ./src/COTS/MCAL/ADC/ADC_program.o
                0x08000df8                MADC_vInit
 .text.MADC_u16ConvertToDigital
                0x08000ea4       0x2c ./src/COTS/MCAL/ADC/ADC_program.o
                0x08000ea4                MADC_u16ConvertToDigital
 .text.ADC_IRQHandler
                0x08000ed0       0x28 ./src/COTS/MCAL/ADC/ADC_program.o
                0x08000ed0                ADC_IRQHandler
 .text.HLDR_vInit
                0x08000ef8       0x14 ./src/COTS/HAL/LDR/LDR_program.o
                0x08000ef8                HLDR_vInit
 .text.HLDR_u16DigitalOutputValue
                0x08000f0c        0xc ./src/COTS/HAL/LDR/LDR_program.o
                0x08000f0c                HLDR_u16DigitalOutputValue
 .text.HLCD_vSendCommand
                0x08000f18       0x50 ./src/COTS/HAL/LCD/LCD_program.o
                0x08000f18                HLCD_vSendCommand
 .text.HLCD_vInit
                0x08000f68      0x154 ./src/COTS/HAL/LCD/LCD_program.o
                0x08000f68                HLCD_vInit
 .text.HLCD_vSendData
                0x080010bc       0x50 ./src/COTS/HAL/LCD/LCD_program.o
                0x080010bc                HLCD_vSendData
 .text.HLCD_vDispString
                0x0800110c       0x18 ./src/COTS/HAL/LCD/LCD_program.o
                0x0800110c                HLCD_vDispString
 .text.HLCD_vDispNumber
                0x08001124       0x5a ./src/COTS/HAL/LCD/LCD_program.o
                0x08001124                HLCD_vDispNumber
 .text.HLCD_vGoTo
                0x0800117e       0x1c ./src/COTS/HAL/LCD/LCD_program.o
                0x0800117e                HLCD_vGoTo
 .text.HLCD_vClearChar
                0x0800119a       0x10 ./src/COTS/HAL/LCD/LCD_program.o
                0x0800119a                HLCD_vClearChar
 .text.__initialize_hardware
                0x080011aa        0x2 ./src/_initialize_hardware.o
                0x080011aa                __initialize_hardware
 .text.startup.main
                0x080011ac       0x9c ./src/main.o
                0x080011ac                main
 *(.rodata .rodata.* .constdata .constdata.*)
 .rodata        0x08001248       0x1c ./src/COTS/MCAL/TIM1/TIM1_program.o
 .rodata.main.str1.1
                0x08001264        0x4 ./src/main.o
 *(vtable)
 *(.eh_frame*)
 *(.glue_7)
 .glue_7        0x08001268        0x0 linker stubs
 *(.glue_7t)
 .glue_7t       0x08001268        0x0 linker stubs

.vfp11_veneer   0x08001268        0x0
 .vfp11_veneer  0x08001268        0x0 linker stubs

.v4_bx          0x08001268        0x0
 .v4_bx         0x08001268        0x0 linker stubs

.iplt           0x08001268        0x0
 .iplt          0x08001268        0x0 ./system/src/newlib/_exit.o

.rel.dyn        0x08001268        0x0
 .rel.iplt      0x08001268        0x0 ./system/src/newlib/_exit.o

.ARM.extab
 *(.ARM.extab* .gnu.linkonce.armextab.*)
                0x08001268                . = ALIGN (0x4)
                0x08001268                __exidx_start = .

.ARM.exidx
 *(.ARM.exidx* .gnu.linkonce.armexidx.*)
                0x08001268                __exidx_end = .
                0x08001268                . = ALIGN (0x4)
                0x08001268                _etext = .
                0x08001268                __etext = .

.data_CCMRAM    0x10000000        0x0 load address 0x08001268
 FILL mask 0xff
 *(.data.CCMRAM .data.CCMRAM.*)
                0x10000000                . = ALIGN (0x4)
                0x08001268                _sidata = LOADADDR (.data)

.data           0x20000000       0x10 load address 0x08001268
 FILL mask 0xff
                0x20000000                _sdata = .
                0x20000000                __data_start__ = .
 *(.data_begin .data_begin.*)
 *(.data .data.*)
 .data.argv.4310
                0x20000000        0x8 ./system/src/newlib/_syscalls.o
 .data.LDR_CHANNEL
                0x20000008        0x1 ./src/COTS/HAL/LDR/LDR_config.o
                0x20000008                LDR_CHANNEL
 .data.LDR_Vo   0x20000009        0x7 ./src/COTS/HAL/LDR/LDR_config.o
                0x20000009                LDR_Vo
 *(.data_end .data_end.*)
                0x20000010                . = ALIGN (0x4)
                0x20000010                _edata = .
                0x20000010                __data_end__ = .

.igot.plt       0x20000010        0x0 load address 0x08001278
 .igot.plt      0x20000010        0x0 ./system/src/newlib/_exit.o

.bss_CCMRAM     0x10000000        0x0
 *(.bss.CCMRAM .bss.CCMRAM.*)

.bss            0x20000010       0x68
                0x20000010                __bss_start__ = .
                0x20000010                _sbss = .
 *(.bss_begin .bss_begin.*)
 *(.bss .bss.*)
 .bss.name.4309
                0x20000010        0x1 ./system/src/newlib/_syscalls.o
 .bss.GS_u8MyIntervalMode
                0x20000011        0x1 ./src/COTS/MCAL/SysTick/SysTick_program.o
 *fill*         0x20000012        0x2 
 .bss.GS_vCallbackFunc
                0x20000014        0x4 ./src/COTS/MCAL/SysTick/SysTick_program.o
 .bss.GS_vEXTI_Callback
                0x20000018       0x5c ./src/COTS/MCAL/EXTI/EXTI_program.o
 .bss.MADC_vpPointerToFunction
                0x20000074        0x4 ./src/COTS/MCAL/ADC/ADC_program.o
                0x20000074                MADC_vpPointerToFunction
 *(COMMON)
 *(.bss_end .bss_end.*)
                0x20000078                . = ALIGN (0x4)
                0x20000078                __bss_end__ = .
                0x20000078                _ebss = .

.noinit_CCMRAM
 *(.noinit.CCMRAM .noinit.CCMRAM.*)

.noinit         0x20000078        0x0
                0x20000078                _noinit = .
 *(.noinit .noinit.*)
                0x20000078                . = ALIGN (0x4)
                0x20000078                _end_noinit = .
                [!provide]                PROVIDE (end, _end_noinit)
                [!provide]                PROVIDE (_end, _end_noinit)
                [!provide]                PROVIDE (__end, _end_noinit)
                [!provide]                PROVIDE (__end__, _end_noinit)

._check_stack   0x20000078      0x100
                0x20000178                . = (. + _Minimum_Stack_Size)
 *fill*         0x20000078      0x100 

.b1text
 *(.b1text)
 *(.b1rodata)
 *(.b1rodata.*)

.eb0text
 *(.eb0text)
 *(.eb0rodata)
 *(.eb0rodata.*)

.eb1text
 *(.eb1text)
 *(.eb1rodata)
 *(.eb1rodata.*)

.eb2text
 *(.eb2text)
 *(.eb2rodata)
 *(.eb2rodata.*)

.eb3text
 *(.eb3text)
 *(.eb3rodata)
 *(.eb3rodata.*)

.stab
 *(.stab)

.stabstr
 *(.stabstr)

.stab.excl
 *(.stab.excl)

.stab.exclstr
 *(.stab.exclstr)

.stab.index
 *(.stab.index)

.stab.indexstr
 *(.stab.indexstr)

.comment        0x00000000       0x7e
 *(.comment)
 .comment       0x00000000       0x7e ./system/src/newlib/_exit.o
                                 0x7f (size before relaxing)
 .comment       0x0000007e       0x7f ./system/src/newlib/_startup.o
 .comment       0x0000007e       0x7f ./system/src/newlib/_syscalls.o
 .comment       0x0000007e       0x7f ./system/src/cortexm/_initialize_hardware.o
 .comment       0x0000007e       0x7f ./system/src/cortexm/_reset_hardware.o
 .comment       0x0000007e       0x7f ./system/src/cortexm/exception_handlers.o
 .comment       0x0000007e       0x7f ./system/src/cmsis/system_stm32f4xx.o
 .comment       0x0000007e       0x7f ./system/src/cmsis/vectors_stm32f401xc.o
 .comment       0x0000007e       0x7f ./src/COTS/MCAL/TIM1/TIM1_program.o
 .comment       0x0000007e       0x7f ./src/COTS/MCAL/SysTick/SysTick_program.o
 .comment       0x0000007e       0x7f ./src/COTS/MCAL/RCC/MRCC_program.o
 .comment       0x0000007e       0x7f ./src/COTS/MCAL/GPIO/GPIO_program.o
 .comment       0x0000007e       0x7f ./src/COTS/MCAL/EXTI/EXTI_program.o
 .comment       0x0000007e       0x7f ./src/COTS/MCAL/ADC/ADC_program.o
 .comment       0x0000007e       0x7f ./src/COTS/HAL/LDR/LDR_config.o
 .comment       0x0000007e       0x7f ./src/COTS/HAL/LDR/LDR_program.o
 .comment       0x0000007e       0x7f ./src/COTS/HAL/LCD/LCD_program.o
 .comment       0x0000007e       0x7f ./src/_initialize_hardware.o
 .comment       0x0000007e       0x7f ./src/main.o

.ARM.attributes
                0x00000000       0x33
 .ARM.attributes
                0x00000000       0x33 ./system/src/newlib/_exit.o
 .ARM.attributes
                0x00000033       0x33 ./system/src/newlib/_startup.o
 .ARM.attributes
                0x00000066       0x33 ./system/src/newlib/_syscalls.o
 .ARM.attributes
                0x00000099       0x33 ./system/src/cortexm/_initialize_hardware.o
 .ARM.attributes
                0x000000cc       0x33 ./system/src/cortexm/_reset_hardware.o
 .ARM.attributes
                0x000000ff       0x33 ./system/src/cortexm/exception_handlers.o
 .ARM.attributes
                0x00000132       0x33 ./system/src/cmsis/system_stm32f4xx.o
 .ARM.attributes
                0x00000165       0x33 ./system/src/cmsis/vectors_stm32f401xc.o
 .ARM.attributes
                0x00000198       0x33 ./src/COTS/MCAL/TIM1/TIM1_program.o
 .ARM.attributes
                0x000001cb       0x33 ./src/COTS/MCAL/SysTick/SysTick_program.o
 .ARM.attributes
                0x000001fe       0x33 ./src/COTS/MCAL/RCC/MRCC_program.o
 .ARM.attributes
                0x00000231       0x33 ./src/COTS/MCAL/GPIO/GPIO_program.o
 .ARM.attributes
                0x00000264       0x33 ./src/COTS/MCAL/EXTI/EXTI_program.o
 .ARM.attributes
                0x00000297       0x33 ./src/COTS/MCAL/ADC/ADC_program.o
 .ARM.attributes
                0x000002ca       0x33 ./src/COTS/HAL/LDR/LDR_config.o
 .ARM.attributes
                0x000002fd       0x33 ./src/COTS/HAL/LDR/LDR_program.o
 .ARM.attributes
                0x00000330       0x33 ./src/COTS/HAL/LCD/LCD_program.o
 .ARM.attributes
                0x00000363       0x33 ./src/_initialize_hardware.o
 .ARM.attributes
                0x00000396       0x33 ./src/main.o

.debug
 *(.debug)

.line
 *(.line)

.debug_srcinfo
 *(.debug_srcinfo)

.debug_sfnames
 *(.debug_sfnames)

.debug_aranges  0x00000000      0x580
 *(.debug_aranges)
 .debug_aranges
                0x00000000       0x28 ./system/src/newlib/_exit.o
 .debug_aranges
                0x00000028       0x40 ./system/src/newlib/_startup.o
 .debug_aranges
                0x00000068       0x30 ./system/src/newlib/_syscalls.o
 .debug_aranges
                0x00000098       0x28 ./system/src/cortexm/_initialize_hardware.o
 .debug_aranges
                0x000000c0       0x20 ./system/src/cortexm/_reset_hardware.o
 .debug_aranges
                0x000000e0       0x80 ./system/src/cortexm/exception_handlers.o
 .debug_aranges
                0x00000160       0x28 ./system/src/cmsis/system_stm32f4xx.o
 .debug_aranges
                0x00000188       0x20 ./system/src/cmsis/vectors_stm32f401xc.o
 .debug_aranges
                0x000001a8       0xa0 ./src/COTS/MCAL/TIM1/TIM1_program.o
 .debug_aranges
                0x00000248       0x98 ./src/COTS/MCAL/SysTick/SysTick_program.o
 .debug_aranges
                0x000002e0       0x30 ./src/COTS/MCAL/RCC/MRCC_program.o
 .debug_aranges
                0x00000310       0x78 ./src/COTS/MCAL/GPIO/GPIO_program.o
 .debug_aranges
                0x00000388       0x88 ./src/COTS/MCAL/EXTI/EXTI_program.o
 .debug_aranges
                0x00000410       0x60 ./src/COTS/MCAL/ADC/ADC_program.o
 .debug_aranges
                0x00000470       0x18 ./src/COTS/HAL/LDR/LDR_config.o
 .debug_aranges
                0x00000488       0x28 ./src/COTS/HAL/LDR/LDR_program.o
 .debug_aranges
                0x000004b0       0x88 ./src/COTS/HAL/LCD/LCD_program.o
 .debug_aranges
                0x00000538       0x28 ./src/_initialize_hardware.o
 .debug_aranges
                0x00000560       0x20 ./src/main.o

.debug_pubnames
 *(.debug_pubnames)

.debug_info     0x00000000     0x7a96
 *(.debug_info .gnu.linkonce.wi.*)
 .debug_info    0x00000000      0x960 ./system/src/newlib/_exit.o
 .debug_info    0x00000960      0x457 ./system/src/newlib/_startup.o
 .debug_info    0x00000db7      0xa15 ./system/src/newlib/_syscalls.o
 .debug_info    0x000017cc      0xada ./system/src/cortexm/_initialize_hardware.o
 .debug_info    0x000022a6      0xaec ./system/src/cortexm/_reset_hardware.o
 .debug_info    0x00002d92      0xae5 ./system/src/cortexm/exception_handlers.o
 .debug_info    0x00003877      0xcfa ./system/src/cmsis/system_stm32f4xx.o
 .debug_info    0x00004571       0xc6 ./system/src/cmsis/vectors_stm32f401xc.o
 .debug_info    0x00004637      0x568 ./src/COTS/MCAL/TIM1/TIM1_program.o
 .debug_info    0x00004b9f      0x349 ./src/COTS/MCAL/SysTick/SysTick_program.o
 .debug_info    0x00004ee8      0x2b4 ./src/COTS/MCAL/RCC/MRCC_program.o
 .debug_info    0x0000519c      0x5c9 ./src/COTS/MCAL/GPIO/GPIO_program.o
 .debug_info    0x00005765      0x424 ./src/COTS/MCAL/EXTI/EXTI_program.o
 .debug_info    0x00005b89      0x2fd ./src/COTS/MCAL/ADC/ADC_program.o
 .debug_info    0x00005e86      0x100 ./src/COTS/HAL/LDR/LDR_config.o
 .debug_info    0x00005f86      0x17f ./src/COTS/HAL/LDR/LDR_program.o
 .debug_info    0x00006105      0x9bb ./src/COTS/HAL/LCD/LCD_program.o
 .debug_info    0x00006ac0      0xcfa ./src/_initialize_hardware.o
 .debug_info    0x000077ba      0x2dc ./src/main.o

.debug_abbrev   0x00000000     0x1cf2
 *(.debug_abbrev)
 .debug_abbrev  0x00000000      0x210 ./system/src/newlib/_exit.o
 .debug_abbrev  0x00000210      0x1bf ./system/src/newlib/_startup.o
 .debug_abbrev  0x000003cf      0x231 ./system/src/newlib/_syscalls.o
 .debug_abbrev  0x00000600      0x1e9 ./system/src/cortexm/_initialize_hardware.o
 .debug_abbrev  0x000007e9      0x201 ./system/src/cortexm/_reset_hardware.o
 .debug_abbrev  0x000009ea      0x1fe ./system/src/cortexm/exception_handlers.o
 .debug_abbrev  0x00000be8      0x213 ./system/src/cmsis/system_stm32f4xx.o
 .debug_abbrev  0x00000dfb       0x9a ./system/src/cmsis/vectors_stm32f401xc.o
 .debug_abbrev  0x00000e95      0x145 ./src/COTS/MCAL/TIM1/TIM1_program.o
 .debug_abbrev  0x00000fda      0x18b ./src/COTS/MCAL/SysTick/SysTick_program.o
 .debug_abbrev  0x00001165       0xa3 ./src/COTS/MCAL/RCC/MRCC_program.o
 .debug_abbrev  0x00001208      0x1b4 ./src/COTS/MCAL/GPIO/GPIO_program.o
 .debug_abbrev  0x000013bc      0x1f2 ./src/COTS/MCAL/EXTI/EXTI_program.o
 .debug_abbrev  0x000015ae      0x149 ./src/COTS/MCAL/ADC/ADC_program.o
 .debug_abbrev  0x000016f7       0x6f ./src/COTS/HAL/LDR/LDR_config.o
 .debug_abbrev  0x00001766       0xe2 ./src/COTS/HAL/LDR/LDR_program.o
 .debug_abbrev  0x00001848      0x1d7 ./src/COTS/HAL/LCD/LCD_program.o
 .debug_abbrev  0x00001a1f      0x231 ./src/_initialize_hardware.o
 .debug_abbrev  0x00001c50       0xa2 ./src/main.o

.debug_line     0x00000000     0x218c
 *(.debug_line)
 .debug_line    0x00000000      0x1ca ./system/src/newlib/_exit.o
 .debug_line    0x000001ca      0x131 ./system/src/newlib/_startup.o
 .debug_line    0x000002fb      0x1e3 ./system/src/newlib/_syscalls.o
 .debug_line    0x000004de      0x19f ./system/src/cortexm/_initialize_hardware.o
 .debug_line    0x0000067d      0x1ab ./system/src/cortexm/_reset_hardware.o
 .debug_line    0x00000828      0x1f1 ./system/src/cortexm/exception_handlers.o
 .debug_line    0x00000a19      0x1cb ./system/src/cmsis/system_stm32f4xx.o
 .debug_line    0x00000be4       0x5a ./system/src/cmsis/vectors_stm32f401xc.o
 .debug_line    0x00000c3e      0x443 ./src/COTS/MCAL/TIM1/TIM1_program.o
 .debug_line    0x00001081      0x21a ./src/COTS/MCAL/SysTick/SysTick_program.o
 .debug_line    0x0000129b      0x106 ./src/COTS/MCAL/RCC/MRCC_program.o
 .debug_line    0x000013a1      0x223 ./src/COTS/MCAL/GPIO/GPIO_program.o
 .debug_line    0x000015c4      0x1d6 ./src/COTS/MCAL/EXTI/EXTI_program.o
 .debug_line    0x0000179a      0x187 ./src/COTS/MCAL/ADC/ADC_program.o
 .debug_line    0x00001921       0xa7 ./src/COTS/HAL/LDR/LDR_config.o
 .debug_line    0x000019c8      0x100 ./src/COTS/HAL/LDR/LDR_program.o
 .debug_line    0x00001ac8      0x2f9 ./src/COTS/HAL/LCD/LCD_program.o
 .debug_line    0x00001dc1      0x22c ./src/_initialize_hardware.o
 .debug_line    0x00001fed      0x19f ./src/main.o

.debug_frame    0x00000000      0xaa4
 *(.debug_frame)
 .debug_frame   0x00000000       0x40 ./system/src/newlib/_exit.o
 .debug_frame   0x00000040       0x80 ./system/src/newlib/_startup.o
 .debug_frame   0x000000c0       0x50 ./system/src/newlib/_syscalls.o
 .debug_frame   0x00000110       0x38 ./system/src/cortexm/_initialize_hardware.o
 .debug_frame   0x00000148       0x20 ./system/src/cortexm/_reset_hardware.o
 .debug_frame   0x00000168       0xe0 ./system/src/cortexm/exception_handlers.o
 .debug_frame   0x00000248       0x38 ./system/src/cmsis/system_stm32f4xx.o
 .debug_frame   0x00000280       0x20 ./system/src/cmsis/vectors_stm32f401xc.o
 .debug_frame   0x000002a0      0x144 ./src/COTS/MCAL/TIM1/TIM1_program.o
 .debug_frame   0x000003e4      0x118 ./src/COTS/MCAL/SysTick/SysTick_program.o
 .debug_frame   0x000004fc       0x40 ./src/COTS/MCAL/RCC/MRCC_program.o
 .debug_frame   0x0000053c      0x108 ./src/COTS/MCAL/GPIO/GPIO_program.o
 .debug_frame   0x00000644      0x150 ./src/COTS/MCAL/EXTI/EXTI_program.o
 .debug_frame   0x00000794       0xc0 ./src/COTS/MCAL/ADC/ADC_program.o
 .debug_frame   0x00000854       0x3c ./src/COTS/HAL/LDR/LDR_program.o
 .debug_frame   0x00000890      0x1a8 ./src/COTS/HAL/LCD/LCD_program.o
 .debug_frame   0x00000a38       0x44 ./src/_initialize_hardware.o
 .debug_frame   0x00000a7c       0x28 ./src/main.o

.debug_str      0x00000000     0x1bc2
 *(.debug_str)
 .debug_str     0x00000000      0x572 ./system/src/newlib/_exit.o
                                0x5e3 (size before relaxing)
 .debug_str     0x00000572      0x1a3 ./system/src/newlib/_startup.o
                                0x34b (size before relaxing)
 .debug_str     0x00000715       0x8a ./system/src/newlib/_syscalls.o
                                0x614 (size before relaxing)
 .debug_str     0x0000079f       0xea ./system/src/cortexm/_initialize_hardware.o
                                0x686 (size before relaxing)
 .debug_str     0x00000889       0x45 ./system/src/cortexm/_reset_hardware.o
                                0x64c (size before relaxing)
 .debug_str     0x000008ce      0x11f ./system/src/cortexm/exception_handlers.o
                                0x6dc (size before relaxing)
 .debug_str     0x000009ed      0x14f ./system/src/cmsis/system_stm32f4xx.o
                                0x76b (size before relaxing)
 .debug_str     0x00000b3c       0x59 ./system/src/cmsis/vectors_stm32f401xc.o
                                0x1ce (size before relaxing)
 .debug_str     0x00000b95      0x33c ./src/COTS/MCAL/TIM1/TIM1_program.o
                                0x4b9 (size before relaxing)
 .debug_str     0x00000ed1      0x224 ./src/COTS/MCAL/SysTick/SysTick_program.o
                                0x3a1 (size before relaxing)
 .debug_str     0x000010f5      0x108 ./src/COTS/MCAL/RCC/MRCC_program.o
                                0x320 (size before relaxing)
 .debug_str     0x000011fd      0x23e ./src/COTS/MCAL/GPIO/GPIO_program.o
                                0x403 (size before relaxing)
 .debug_str     0x0000143b      0x205 ./src/COTS/MCAL/EXTI/EXTI_program.o
                                0x38b (size before relaxing)
 .debug_str     0x00001640      0x164 ./src/COTS/MCAL/ADC/ADC_program.o
                                0x30a (size before relaxing)
 .debug_str     0x000017a4       0x34 ./src/COTS/HAL/LDR/LDR_config.o
                                0x1e0 (size before relaxing)
 .debug_str     0x000017d8       0x5b ./src/COTS/HAL/LDR/LDR_program.o
                                0x251 (size before relaxing)
 .debug_str     0x00001833      0x1b1 ./src/COTS/HAL/LCD/LCD_program.o
                                0x3bd (size before relaxing)
 .debug_str     0x000019e4      0x1bb ./src/_initialize_hardware.o
                                0x877 (size before relaxing)
 .debug_str     0x00001b9f       0x23 ./src/main.o
                                0x29f (size before relaxing)

.debug_loc      0x00000000     0x15ed
 *(.debug_loc)
 .debug_loc     0x00000000       0x21 ./system/src/newlib/_exit.o
 .debug_loc     0x00000021      0x22d ./system/src/newlib/_startup.o
 .debug_loc     0x0000024e       0x63 ./system/src/newlib/_syscalls.o
 .debug_loc     0x000002b1      0x11c ./system/src/cmsis/system_stm32f4xx.o
 .debug_loc     0x000003cd      0x10f ./src/COTS/MCAL/TIM1/TIM1_program.o
 .debug_loc     0x000004dc      0x1cd ./src/COTS/MCAL/SysTick/SysTick_program.o
 .debug_loc     0x000006a9      0x166 ./src/COTS/MCAL/RCC/MRCC_program.o
 .debug_loc     0x0000080f      0x80c ./src/COTS/MCAL/GPIO/GPIO_program.o
 .debug_loc     0x0000101b      0x231 ./src/COTS/MCAL/EXTI/EXTI_program.o
 .debug_loc     0x0000124c       0x42 ./src/COTS/MCAL/ADC/ADC_program.o
 .debug_loc     0x0000128e      0x340 ./src/COTS/HAL/LCD/LCD_program.o
 .debug_loc     0x000015ce       0x1f ./src/main.o

.debug_macinfo
 *(.debug_macinfo)

.debug_weaknames
 *(.debug_weaknames)

.debug_funcnames
 *(.debug_funcnames)

.debug_typenames
 *(.debug_typenames)

.debug_varnames
 *(.debug_varnames)
OUTPUT(ALC_Project.elf elf32-littlearm)

.debug_ranges   0x00000000      0x548
 .debug_ranges  0x00000000       0x18 ./system/src/newlib/_exit.o
 .debug_ranges  0x00000018       0xd0 ./system/src/newlib/_startup.o
 .debug_ranges  0x000000e8       0x20 ./system/src/newlib/_syscalls.o
 .debug_ranges  0x00000108       0x18 ./system/src/cortexm/_initialize_hardware.o
 .debug_ranges  0x00000120       0x10 ./system/src/cortexm/_reset_hardware.o
 .debug_ranges  0x00000130       0x70 ./system/src/cortexm/exception_handlers.o
 .debug_ranges  0x000001a0       0x18 ./system/src/cmsis/system_stm32f4xx.o
 .debug_ranges  0x000001b8       0x10 ./system/src/cmsis/vectors_stm32f401xc.o
 .debug_ranges  0x000001c8       0x90 ./src/COTS/MCAL/TIM1/TIM1_program.o
 .debug_ranges  0x00000258       0x88 ./src/COTS/MCAL/SysTick/SysTick_program.o
 .debug_ranges  0x000002e0       0x20 ./src/COTS/MCAL/RCC/MRCC_program.o
 .debug_ranges  0x00000300       0x80 ./src/COTS/MCAL/GPIO/GPIO_program.o
 .debug_ranges  0x00000380       0x90 ./src/COTS/MCAL/EXTI/EXTI_program.o
 .debug_ranges  0x00000410       0x50 ./src/COTS/MCAL/ADC/ADC_program.o
 .debug_ranges  0x00000460       0x18 ./src/COTS/HAL/LDR/LDR_program.o
 .debug_ranges  0x00000478       0xa8 ./src/COTS/HAL/LCD/LCD_program.o
 .debug_ranges  0x00000520       0x18 ./src/_initialize_hardware.o
 .debug_ranges  0x00000538       0x10 ./src/main.o
